D initial allocation of seats: floor(0 / 25) = 0
Remaining ballots: 0

R initial allocation of seats: floor(0 / 25) = 0
Remaining ballots: 0

I initial allocation of seats: floor(100 / 25) = 1
Remaining ballots: 75

1 / 4 have been allocates. 3 seats remaining

Initial Seat Allocation Results:
+-------+---------------+-------------------+
| Party | Initial Seats | Remaining Ballots |
|-------+---------------+-------------------|
| D     |             0 |                 0 |
|-------+---------------+-------------------|
| R     |             0 |                 0 |
|-------+---------------+-------------------|
| I     |             1 |                75 |
+-------+---------------+-------------------+

